[
  "68fa8b8608b2d63024db9973de20869d/note.json",
  "a398f72563bc92c55bad94d5f08abfe5/note.json",
  "2c6620c748dc3934090af09f7d3c1aa8/attachments/9b4f090df6689fd0",
  "2c6620c748dc3934090af09f7d3c1aa8/attachments/ac2425da6bde96b6",
  "2c6620c748dc3934090af09f7d3c1aa8/attachments/8d9ac06c61601655",
  "2c6620c748dc3934090af09f7d3c1aa8/note.json",
  "30401f4aa0a0955d86f61a834e80bc6f/note.json",
  "f3b633c8569d107130f6f43736dae89f/note.json",
  "ccc8b9643dbfc854b4f168fe4d862f1e/note.json",
  "0b31c49899dd35a01ce51755338445d6/attachments/2c9f83c82d41d91e",
  "0b31c49899dd35a01ce51755338445d6/note.json",
  "8ed54ffe76b3d59c59f100838e4a779b/attachments/427fcb0247323183",
  "8ed54ffe76b3d59c59f100838e4a779b/note.json"
]