[
  {
    "title": "2023-editoed",
    "attachments": [],
    "notebooks": [],
    "content": {
      "type": "html",
      "data": "<p>Helo [[I am here.|jvkdjkvbsd]] hello lolv sdv adsjkv\n kasdjv sakjv asjkdv askjd vkjasd vkjasd vakjkjas kajsd\n vasjkv ajksd vs vdjakjv [[I am here.|ds vkjs vjkds vds]]\n adsjkv asdv asdv sdvkjas vkjas dvjkas vka sadvkj sadjkv\n What are you doing [[hello.jpg]] jkd jdasksjd #nkjdvsbjkds</p>\n<pre class=\"language-js\"><code class=\"language-js\">function google() {<br>\tconst hello = &quot;&quot;;<br>}<br></code></pre>\n\n<p>I am amazing [[I am here.#jkabvasdjkvbsd]]</p>\n<p>[[2023-editoed#^6e3e8e]]</p>\n<p>[[dsavkjasd vasdvjasdkv#bjkasajcas]]</p>\n<pre class=\"language-query\"><code class=\"language-query\">here<br></code></pre>"
    },
    "tags": [],
    "compatibilityVersion": 2,
    "source": "obsidian"
  },
  {
    "title": "I am here.",
    "attachments": [
      {
        "size": 1794418,
        "hash": "76c48e9bf6629698",
        "filename": "hello.jpg",
        "hashType": "xxh64",
        "mime": "image/jpeg"
      }
    ],
    "notebooks": [],
    "content": {
      "type": "html",
      "data": "<p>&apos;s try adding an image! [[2023-editoed#^0f2530]] sdv\n das askdv savk sdv ksa vk sdakv sadvj kksa vd <img\n  class=\"attachment\" data-filename=\"hello.jpg\"\n  data-size=\"1794418\" data-hash=\"76c48e9bf6629698\"\n  data-mime=\"image/jpeg\" alt=\"hello.jpg\">svsdvsda asdvas asd</p>\n<p>asd v</p>\n\n<p>sadkvjbsadjvkbsdajkvbasd vasdjkvbasdjkvbasdv\n asdjkvbasdjkvbasd</p>\n<p>jdks ##jkdvb asjkbvasd</p>\n<h1>djkvbasdjkvbasdv</h1>\n<p>sdvjkbsadjkvbsdav sadvkjasdbvkjasd vasdjkvbsadkjvbasdv\n sadkvjbasdjkvbasdv</p>"
    },
    "tags": [],
    "compatibilityVersion": 2,
    "source": "obsidian"
  },
  {
    "title": "Nevermind",
    "attachments": [],
    "notebooks": [],
    "content": {
      "type": "html",
      "data": "<p>dvdajks vasd vasdv asdkjvj asdvas dvkasd vasjdv asdkv\n asdv [[2023-editoed]] sadkjvs</p>"
    },
    "tags": [],
    "compatibilityVersion": 2,
    "source": "obsidian"
  },
  {
    "title": "obsidian",
    "attachments": [
      {
        "size": 1794418,
        "hash": "76c48e9bf6629698",
        "filename": "Pasted image 20230625105750.jpg",
        "hashType": "xxh64",
        "mime": "image/jpeg"
      },
      {
        "size": 1794418,
        "hash": "76c48e9bf6629698",
        "filename": "Pasted image 20230625105750.jpg",
        "hashType": "xxh64",
        "mime": "image/jpeg"
      },
      {
        "size": 1794418,
        "hash": "76c48e9bf6629698",
        "filename": "Pasted image 20230625105750.jpg",
        "hashType": "xxh64",
        "mime": "image/jpeg"
      },
      {
        "size": 1794418,
        "hash": "76c48e9bf6629698",
        "filename": "Pasted image 20230625105750.jpg",
        "hashType": "xxh64",
        "mime": "image/jpeg"
      }
    ],
    "notebooks": [],
    "content": {
      "type": "html",
      "data": "<p>#ppm #servicenow</p>\n<ul>\n <li>Project Workspace\n  <ul>\n   <li>Planning Console <img class=\"attachment\"\n     data-filename=\"Pasted image 20230625105750.jpg\"\n     data-size=\"1794418\" data-hash=\"76c48e9bf6629698\"\n     data-mime=\"image/jpeg\"\n     alt=\"Pasted image 20230625105750.jpg\"></li>\n   <li>Project Workbench <img class=\"attachment\"\n     data-filename=\"Pasted image 20230625105750.jpg\"\n     data-size=\"1794418\" data-hash=\"76c48e9bf6629698\"\n     data-mime=\"image/jpeg\"\n     alt=\"Pasted image 20230625105750.jpg\"></li>\n   <li>Resource Allocation Workbench</li>\n   <li>Financial Summary <img class=\"attachment\"\n     data-filename=\"Pasted image 20230625105750.jpg\"\n     data-size=\"1794418\" data-hash=\"76c48e9bf6629698\"\n     data-mime=\"image/jpeg\"\n     alt=\"Pasted image 20230625105750.jpg\"></li>\n   <li>Status Report <img class=\"attachment\"\n     data-filename=\"Pasted image 20230625105750.jpg\"\n     data-size=\"1794418\" data-hash=\"76c48e9bf6629698\"\n     data-mime=\"image/jpeg\"\n     alt=\"Pasted image 20230625105750.jpg\"></li>\n  </ul>\n </li>\n <li>New Project Workspace</li>\n <li>Demand Workbench</li>\n <li>Demand Roadmap</li>\n <li>Time Sheet Portal</li>\n</ul>"
    },
    "tags": [],
    "compatibilityVersion": 2,
    "source": "obsidian"
  },
  {
    "title": "Untitled",
    "attachments": [],
    "notebooks": [],
    "content": {
      "type": "html",
      "data": ""
    },
    "tags": [],
    "compatibilityVersion": 2,
    "source": "obsidian"
  }
]