[
  "cb50ab9f788dbff5913918f3830ad94b/note.json",
  "bc8257b04e4bf5514d40faeebd74422c/attachments/76c48e9bf6629698",
  "bc8257b04e4bf5514d40faeebd74422c/note.json",
  "f80891a661ac05e64344a26afdd7d003/note.json",
  "1e2ba85b2f4d884ed16ab081591a39f8/attachments/76c48e9bf6629698",
  "1e2ba85b2f4d884ed16ab081591a39f8/note.json",
  "441d2c4a0c53adce4e0932cf824d8669/note.json"
]